-------Speciesnames:--------
species 0	hg19
species 1	mm9
species 2	bosTau4
species 3	galGal3
# assuming a MySQL database
read in the configuration file for extrinsic features
# Sources of extrinsic information: M RM E W
extrinsic group 1: hg19 mm9
# Opening database connection using connection data "aug_vertebrates,127.0.0.1,augustus,aug_passwd"...	DB connection OK.
Running prediction...
# human version. Using default transition matrix.
# setting temperature to 3 (for sampling)
number of nodes: 1
number of signatures=0. First 10 signatures are:
numAli	sumCumFragLen	sumAliLen	depth	color	signature
found 0 paths
Have 0 collisions.
MILP objective=0
removing alignments
0 geneRanges=alignments (0%) and 0 / 58758 = 0% of aligned bases and 0 / 106809 = 0% of aligment-range-covered bases were deleted because of too much redundancy.
findGeneRanges reduced the number of aligments from 313 to 1 (to 0.319%).
processing gene range number 1
hg19.chr21	+	0	32084
mm9.chr16	+	0	25967
bosTau4.chr1	+	0	30874
galGal3.chr1	+	0	22282
# Forced unstranded hint group to the only possible strand for 28 groups.
Found 2546 ECs on species hg19
Found 2196 ECs on species mm9
Found 2638 ECs on species bosTau4
Found 2085 ECs on species galGal3
OEs in this gene range must have at least 2 ECs
Found 137 ortho exons
building Graph for hg19
building Graph for mm9
building Graph for bosTau4
building Graph for galGal3
computing omega for each ortho exon.
--- processing ortho exons on forward strand ---
generating codon alignment
Merge processing: Traverse alignment left to right
--- processing ortho exons on reverse strand ---
generating codon alignment
Merge processing: Traverse alignment left to right
compute omegas done
dual decomposition on gene Range 1
round	iter	step_size	primal	dual	#inconsistencies
0	0	0	18750.59819	18760.55449	1
0	1	9.956299896	18756.63172	18766.58802	30
0	2	0.3318766594	18756.63063	18765.25942	4
0	3	2.156924859	18756.63129	18756.63239	4
0	4	0.0001665502787	18756.63147	18756.6319	4
0	5	4.447996616e-05	18756.63152	18756.63177	4
0	6	1.110136509e-05	18756.63152	18756.63172	4
0	7	6.109476089e-07	18756.63152	18756.63172	4
0	8	6.109476089e-07	18756.63152	18756.63172	4
0	9	6.109476089e-07	18756.63153	18756.63172	4
0	10	6.109476089e-07	18756.63152	18756.63172	4
dual decomposition reduced initial duality gap of 6.033529932 to 0 (to 0%)
# command line:
# ../../bin/augustus --species=human --speciesfilenames=genomes.tbl --treefile=tree.nwk --alnfile=aln.maf --softmasking=0 --alternatives-from-evidence=0 --/CompPred/outdir=../../tests/short/examples/results/test_cgp_with_db_mysql_hints/pred --dbaccess=aug_vertebrates,127.0.0.1,augustus,aug_passwd --dbhints=true --extrinsicCfgFile=cgp.extrinsic.cfg
