halLiftover starts. Processing
bosTau4
galGal3
hg19
mm9
